// Jest Snapshot v1, https://goo.gl/fbAQLP

exports[`Testing Button component SnapShot Testing 1`] = `ReactWrapper {}`;
