// Jest Snapshot v1, https://goo.gl/fbAQLP

exports[`Testing Input component SnapShot testing 1`] = `ReactWrapper {}`;
