// Jest Snapshot v1, https://goo.gl/fbAQLP

exports[`my component should be run renders correctly 1`] = `
<span>
  
</span>
`;
