// Jest Snapshot v1, https://goo.gl/fbAQLP

exports[`ToDoList component testing SnapShot Testing 1`] = `ReactWrapper {}`;
