// Jest Snapshot v1, https://goo.gl/fbAQLP

exports[`The ToDoFilter component testing SnapShot Testing 1`] = `ReactWrapper {}`;
