// Jest Snapshot v1, https://goo.gl/fbAQLP

exports[`my component testing renders correctly 1`] = `ReactWrapper {}`;
